Command: /home/janek/.espressif/python_env/idf6.0_py3.10_env/bin/python /home/janek/esp/esp-idf/tools/idf_monitor.py -p /dev/ttyUSB0 -b 115200 --toolchain-prefix xtensa-esp32-elf- --target esp32 --revision 0 /home/janek/esp/esp32-cam-web/build/esp32-cam-web.elf /home/janek/esp/esp32-cam-web/build/bootloader/bootloader.elf -m '/home/janek/.espressif/python_env/idf6.0_py3.10_env/bin/python' '/home/janek/esp/esp-idf/tools/idf.py' '-p' '/dev/ttyUSB0'
ets Jul 29 2019 12:ï¿½ets Jul 29 2019 12:21:46

rst:0x1 (POWERON_RESET),boot:0x13 (SPI_FAST_FLASH_BOOT)
configsip: 0, SPIWP:0xee
clk_drv:0x00,q_drv:0x00,d_drv:0x00,cs0_drv:0x00,hd_drv:0x00,wp_drv:0x00
mode:DIO, clock div:1
load:0x3fff0030,len:6380
ho 0 tail 12 room 4
load:0x40078000,len:15876
load:0x40080400,len:3860
entry 0x40080638
[0;32mI (29) boot: ESP-IDF v6.0-dev-774-g68b583f30c 2nd stage bootloader[0m
[0;32mI (29) boot: compile time Jun 27 2025 19:28:19[0m
[0;32mI (29) boot: Multicore bootloader[0m
[0;32mI (32) boot: chip revision: v3.1[0m
[0;32mI (35) boot.esp32: SPI Speed      : 80MHz[0m
[0;32mI (39) boot.esp32: SPI Mode       : DIO[0m
[0;32mI (42) boot.esp32: SPI Flash Size : 4MB[0m
[0;32mI (46) boot: Enabling RNG early entropy source...[0m
[0;32mI (50) boot: Partition Table:[0m
[0;32mI (53) boot: ## Label            Usage          Type ST Offset   Length[0m
[0;32mI (59) boot:  0 nvs              WiFi data        01 02 00009000 00006000[0m
[0;32mI (66) boot:  1 phy_init         RF data          01 01 0000f000 00001000[0m
[0;32mI (72) boot:  2 factory          factory app      00 00 00010000 00100000[0m
[0;32mI (79) boot: End of partition table[0m
[0;32mI (82) esp_image: segment 0: paddr=00010020 vaddr=3f400020 size=247d0h (149456) map[0m
[0;32mI (132) esp_image: segment 1: paddr=000347f8 vaddr=3ff80000 size=00020h (    32) load[0m
[0;32mI (132) esp_image: segment 2: paddr=00034820 vaddr=3ffb0000 size=05384h ( 21380) load[0m
[0;32mI (142) esp_image: segment 3: paddr=00039bac vaddr=40080000 size=0646ch ( 25708) load[0m
[0;32mI (152) esp_image: segment 4: paddr=00040020 vaddr=400d0020 size=a42e4h (672484) map[0m
[0;32mI (341) esp_image: segment 5: paddr=000e430c vaddr=4008646c size=16234h ( 90676) load[0m
[0;32mI (385) boot: Loaded app from partition at offset 0x10000[0m
[0;32mI (386) boot: Disabling RNG early entropy source...[0m
[0;32mI (396) quad_psram: This chip is ESP32-D0WD[0m
[0;32mI (397) esp_psram: Found 8MB PSRAM device[0m
[0;32mI (397) esp_psram: Speed: 40MHz[0m
[0;32mI (397) esp_psram: PSRAM initialized, cache is in low/high (2-core) mode.[0m
[0;33mW (403) esp_psram: Virtual address not enough for PSRAM, map as much as we can. 4MB is mapped[0m
[0;32mI (411) cpu_start: Multicore app[0m
[0;32mI (1319) esp_psram: SPI SRAM memory test OK[0m
[0;32mI (1327) cpu_start: Pro cpu start user code[0m
[0;32mI (1327) cpu_start: cpu freq: 160000000 Hz[0m
[0;32mI (1327) app_init: Application information:[0m
[0;32mI (1327) app_init: Project name:     esp32-cam-web[0m
[0;32mI (1331) app_init: App version:      1[0m
[0;32mI (1335) app_init: Compile time:     Jun 27 2025 19:28:12[0m
[0;32mI (1340) app_init: ELF file SHA256:  268babbc5...[0m
[0;32mI (1344) app_init: ESP-IDF:          v6.0-dev-774-g68b583f30c[0m
[0;32mI (1350) efuse_init: Min chip rev:     v0.0[0m
[0;32mI (1354) efuse_init: Max chip rev:     v3.99 [0m
[0;32mI (1358) efuse_init: Chip rev:         v3.1[0m
[0;32mI (1362) heap_init: Initializing. RAM available for dynamic allocation:[0m
[0;32mI (1368) heap_init: At 3FFAE6E0 len 00001920 (6 KiB): DRAM[0m
[0;32mI (1373) heap_init: At 3FFB9D58 len 000262A8 (152 KiB): DRAM[0m
[0;32mI (1379) heap_init: At 3FFE0440 len 00003AE0 (14 KiB): D/IRAM[0m
[0;32mI (1384) heap_init: At 3FFE4350 len 0001BCB0 (111 KiB): D/IRAM[0m
[0;32mI (1390) heap_init: At 4009C6A0 len 00003960 (14 KiB): IRAM[0m
[0;32mI (1395) esp_psram: Adding pool of 4096K of PSRAM memory to heap allocator[0m
[0;33mW (1403) spi_flash: Detected boya flash chip but using generic driver. For optimal functionality, enable `SPI_FLASH_SUPPORT_BOYA_CHIP` in menuconfig[0m
[0;32mI (1415) spi_flash: detected chip: generic[0m
[0;32mI (1419) spi_flash: flash io: dio[0m
[0;32mI (1423) main_task: Started on CPU0[0m
[0;32mI (1433) esp_psram: Reserving pool of 32K of internal memory for DMA/internal allocations[0m
[0;32mI (1433) main_task: Calling app_main()[0m
[0;32mI (1433) cam_hal: cam init ok[0m
[0;32mI (1433) sccb-ng: pin_sda 26 pin_scl 27[0m
[0;32mI (1443) sccb-ng: sccb_i2c_port=1[0m
[0;32mI (1473) camera: Detected camera at address=0x30[0m
[0;32mI (1473) camera: Detected OV2640 camera[0m
[0;32mI (1473) camera: Camera PID=0x26 VER=0x42 MIDL=0x7f MIDH=0xa2[0m
[0;32mI (1543) esp32 ll_cam: node_size: 2560, nodes_per_line: 1, lines_per_node: 1, dma_half_buffer_min:  2560, dma_half_buffer: 15360,lines_per_half_buffer:  6, dma_buffer_size: 30720, image_size: 153600[0m
[0;32mI (1553) cam_hal: buffer_size: 30720, half_buffer_size: 15360, node_buffer_size: 2560, node_cnt: 12, total_cnt: 10[0m
[0;32mI (1563) cam_hal: Allocating 153600 Byte frame buffer in PSRAM[0m
[0;32mI (1573) cam_hal: cam config ok[0m
[0;32mI (1573) ov2640: Set PLL: clk_2x: 0, clk_div: 3, pclk_auto: 1, pclk_div: 8[0m
[0;32mI (1693) wifi:wifi driver task: 3ffc2988, prio:23, stack:6656, core=0[0m
[0;32mI (1703) wifi:wifi firmware version: 2dcd4f5[0m
[0;32mI (1703) wifi:wifi certification version: v7.0[0m
[0;32mI (1703) wifi:config NVS flash: enabled[0m
[0;32mI (1703) wifi:config nano formatting: disabled[0m
[0;32mI (1703) wifi:Init data frame dynamic rx buffer num: 32[0m
[0;32mI (1713)cam_hal: EV-EOF-OVF[0m
 wifi:Init static rx mgmt buffer num: 5
[0;32mI (1713) wifi:Init management short buffer num: 32[0m
[0;32mI (1723) wifi:Init dynamic tx buffer num: 32[0m
[0;32mI (1723) wifi:Init static rx buffer size: 1600[0m
[0;32mI (1733) wifi:Init static rx buffer num: 10[0m
[0;32mI (1733) wifi:Init dynamic rx buffer num: 32[0m
[0;32mI (1733) wifi_init: rx ba win: 6[0m
[0;32mI (1743) wifi_init: accept mbox: 6[0m
[0;32mI (1743) wifi_init: tcpip mbox: 32[0m
[0;32mI (1743) wifi_init: udp mbox: 6[0m
[0;32mI (1753) wifi_init: tcp mbox: 6[0m
[0;32mI (1753) wifi_init: tcp tx win: 5760[0m
[0;32mI (1753) wifi_init: tcp rx win: 5760[0m
[0;32mI (1763) wifi_init: tcp mss: 1440[0m
[0;32mI (1763) wifi_init: WiFi IRAM OP enabled[0m
[0;32mI (1763) wifi_init: WiFi RX IRAM OP enabled[0m
[0;32mI (1773) phy_init: phy_version 4860,6b7a6e5,Feb  6 2025,14:47:07[0m
cam_hal: EV-EOF-OVF
[0;32mI (1843) wifi:mode : sta (ec:64:c9:5e:a4:88)[0m
[0;32mI (1843) wifi:enable tsf[0m
[0;32mI (1853) stream: Stream server started at http://<your_ip>/stream[0m
[0;32mI (1853) main_task: Returned from app_main()[0m
[0;32mI (1853) wifi:new:<9,0>, old:<1,0>, ap:<255,255>, sta:<9,0>, prof:1, snd_ch_cfg:0x0[0m
[0;32mI (1863) wifi:state: init -> auth (0xb0)[0m
[0;32mI (1873) wifi:state: auth -> assoc (0x0)[0m
[0;32mI (1883) wifi:state: assoc -> run (0x10)[0m
[0;32mI (1903) wifi:<ba-add>idx:0 (ifx:0, 50:91:e3:bb:44:d0), tid:5, ssn:0, winSize:64[0m
[0;32mI (1993) wifi:connected with Pracownia, aid = 7, channel 9, BW20, bssid = 50:91:e3:bb:44:d0[0m
[0;32mI (1993) wifi:security: WPA2-PSK, phy: bgn, rssi: -79[0m
[0;32mI (2003) wifi:pm start, type: 1[0m

[0;32mI (2003) wifi:dp: 1, bi: 102400, li: 3, scale listen interval from 307200 us to 307200 us[0m
[0;32mI (2033) wifi:AP's beacon interval = 102400 us, DTIM period = 1[0m
[0;32mI (8583) esp_netif_handlers: sta ip: 192.168.100.66, mask: 255.255.255.0, gw: 192.168.100.1[0m
[0;32mI (31323) wifi:<ba-add>idx:1 (ifx:0, 50:91:e3:bb:44:d0), tid:0, ssn:0, winSize:64[0m
[0;32mI (31673) stream: MJPG: 150KB 135ms (7.4fps)[0m
[0;32mI (31903) stream: MJPG: 150KB 231ms (4.3fps)[0m
[0;32mI (32153) stream: MJPG: 150KB 245ms (4.1fps)[0m
[0;32mI (32393) stream: MJPG: 150KB 248ms (4.0fps)[0m
[0;32mI (32643) stream: MJPG: 150KB 249ms (4.0fps)[0m
[0;32mI (32973) stream: MJPG: 150KB 328ms (3.0fps)[0m
[0;32mI (33263) stream: MJPG: 150KB 291ms (3.4fps)[0m
[0;32mI (33513) stream: MJPG: 150KB 247ms (4.0fps)[0m
[0;32mI (33743) stream: MJPG: 150KB 232ms (4.3fps)[0m
[0;32mI (33983) stream: MJPG: 150KB 239ms (4.2fps)[0m
[0;32mI (34223) stream: MJPG: 150KB 239ms (4.2fps)[0m
[0;32mI (34473) stream: MJPG: 150KB 245ms (4.1fps)[0m
[0;32mI (34733) stream: MJPG: 150KB 263ms (3.8fps)[0m
[0;32mI (35043) stream: MJPG: 150KB 313ms (3.2fps)[0m
[0;32mI (35363) stream: MJPG: 150KB 316ms (3.2fps)[0m
[0;32mI (35673) stream: MJPG: 150KB 305ms (3.3fps)[0m
[0;32mI (35913) stream: MJPG: 150KB 241ms (4.1fps)[0m
[0;32mI (36603) stream: MJPG: 150KB 693ms (1.4fps)[0m
[0;32mI (36883) stream: MJPG: 150KB 274ms (3.6fps)[0m
[0;32mI (37113) stream: MJPG: 150KB 236ms (4.2fps)[0m
[0;32mI (37343) stream: MJPG: 150KB 223ms (4.5fps)[0m
[0;33mW (37443) httpd_txrx: httpd_sock_err: error in send : 104[0m
[0;33mW (37443) httpd_uri: httpd_uri: uri handler execution failed[0m
[0;32mI (38113) stream: MJPG: 150KB 134ms (7.4fps)[0m
[0;32mI (38383) stream: MJPG: 150KB 266ms (3.8fps)[0m
cam_hal: EV-VSYNC-OVF
[0;32mI (38783) stream: MJPG: 150KB 404ms (2.5fps)[0m
[0;32mI (39053) stream: MJPG: 150KB 271ms (3.7fps)[0m
[0;32mI (39353) stream: MJPG: 150KB 293ms (3.4fps)[0m
[0;32mI (39593) stream: MJPG: 150KB 242ms (4.1fps)[0m
[0;32mI (39833) stream: MJPG: 150KB 244ms (4.1fps)[0m
[0;32mI (40083) stream: MJPG: 150KB 242ms (4.1fps)[0m
[0;32mI (40323) stream: MJPG: 150KB 244ms (4.1fps)[0m
[0;32mI (40623) stream: MJPG: 150KB 295ms (3.4fps)[0m
[0;32mI (40863) stream: MJPG: 150KB 248ms (4.0fps)[0m
[0;32mI (41093) stream: MJPG: 150KB 222ms (4.5fps)[0m
[0;32mI (41353) stream: MJPG: 150KB 261ms (3.8fps)[0m
[0;32mI (41593) stream: MJPG: 150KB 244ms (4.1fps)[0m
[0;32mI (41823) stream: MJPG: 150KB 229ms (4.4fps)[0m
[0;32mI (42053) stream: MJPG: 150KB 231ms (4.3fps)[0m
[0;32mI (42303) stream: MJPG: 150KB 242ms (4.1fps)[0m
